// Vitest Snapshot v1

exports[`analyze() 1`] = `
{
  "notes": {
    "byBar": [
      {
        "beatCount": 4,
        "beats": [
          {
            "durationTicks": 480,
            "index": 0,
            "notes": [
              {
                "durationTicks": 113,
                "id": "removed",
                "midiChannel": 0,
                "noteName": [
                  "G",
                  "G",
                ],
                "noteNameWithOctave": [
                  "G4",
                  "G4",
                ],
                "noteNumber": 67,
                "startTicks": 0,
              },
              {
                "durationTicks": 251,
                "id": "removed",
                "midiChannel": 0,
                "noteName": [
                  "A",
                  "A",
                ],
                "noteNameWithOctave": [
                  "A2",
                  "A2",
                ],
                "noteNumber": 45,
                "startTicks": 2,
              },
              {
                "durationTicks": 34,
                "id": "removed",
                "midiChannel": 0,
                "noteName": [
                  "A",
                  "A",
                ],
                "noteNameWithOctave": [
                  "A3",
                  "A3",
                ],
                "noteNumber": 57,
                "startTicks": 253,
              },
              {
                "durationTicks": 305,
                "id": "removed",
                "midiChannel": 0,
                "noteName": [
                  "E",
                  "E",
                ],
                "noteNameWithOctave": [
                  "E4",
                  "E4",
                ],
                "noteNumber": 64,
                "startTicks": 0,
              },
              {
                "durationTicks": 355,
                "id": "removed",
                "midiChannel": 0,
                "noteName": [
                  "C",
                  "C",
                ],
                "noteNameWithOctave": [
                  "C5",
                  "C5",
                ],
                "noteNumber": 72,
                "startTicks": 2,
              },
              {
                "durationTicks": 274,
                "id": "removed",
                "midiChannel": 0,
                "noteName": [
                  "A",
                  "A",
                ],
                "noteNameWithOctave": [
                  "A4",
                  "A4",
                ],
                "noteNumber": 69,
                "startTicks": 98,
              },
              {
                "durationTicks": 49,
                "id": "removed",
                "midiChannel": 0,
                "noteName": [
                  "D",
                  "D",
                ],
                "noteNameWithOctave": [
                  "D4",
                  "D4",
                ],
                "noteNumber": 62,
                "startTicks": 379,
              },
              {
                "durationTicks": 72,
                "id": "removed",
                "midiChannel": 0,
                "noteName": [
                  "G",
                  "G",
                ],
                "noteNameWithOctave": [
                  "G4",
                  "G4",
                ],
                "noteNumber": 67,
                "startTicks": 377,
              },
              {
                "durationTicks": 97,
                "id": "removed",
                "midiChannel": 0,
                "noteName": [
                  "B",
                  "B",
                ],
                "noteNameWithOctave": [
                  "B4",
                  "B4",
                ],
                "noteNumber": 71,
                "startTicks": 368,
              },
            ],
            "startTicks": 0,
          },
          {
            "durationTicks": 480,
            "index": 1,
            "notes": [
              {
                "durationTicks": 35,
                "id": "removed",
                "midiChannel": 0,
                "noteName": [
                  "A",
                  "A",
                ],
                "noteNameWithOctave": [
                  "A3",
                  "A3",
                ],
                "noteNumber": 57,
                "startTicks": 484,
              },
              {
                "durationTicks": 55,
                "id": "removed",
                "midiChannel": 0,
                "noteName": [
                  "D",
                  "D",
                ],
                "noteNameWithOctave": [
                  "D4",
                  "D4",
                ],
                "noteNumber": 62,
                "startTicks": 602,
              },
              {
                "durationTicks": 43,
                "id": "removed",
                "midiChannel": 0,
                "noteName": [
                  "A",
                  "A",
                ],
                "noteNameWithOctave": [
                  "A3",
                  "A3",
                ],
                "noteNumber": 57,
                "startTicks": 710,
              },
              {
                "durationTicks": 34,
                "id": "removed",
                "midiChannel": 0,
                "noteName": [
                  "A",
                  "A",
                ],
                "noteNameWithOctave": [
                  "A2",
                  "A2",
                ],
                "noteNumber": 45,
                "startTicks": 839,
              },
              {
                "durationTicks": 128,
                "id": "removed",
                "midiChannel": 0,
                "noteName": [
                  "G",
                  "G",
                ],
                "noteNameWithOctave": [
                  "G4",
                  "G4",
                ],
                "noteNumber": 67,
                "startTicks": 957,
              },
              {
                "durationTicks": 264,
                "id": "removed",
                "midiChannel": 0,
                "noteName": [
                  "E",
                  "E",
                ],
                "noteNameWithOctave": [
                  "E4",
                  "E4",
                ],
                "noteNumber": 64,
                "startTicks": 959,
              },
              {
                "durationTicks": 395,
                "id": "removed",
                "midiChannel": 0,
                "noteName": [
                  "C",
                  "C",
                ],
                "noteNameWithOctave": [
                  "C5",
                  "C5",
                ],
                "noteNumber": 72,
                "startTicks": 960,
              },
            ],
            "startTicks": 480,
          },
          {
            "durationTicks": 480,
            "index": 2,
            "notes": [
              {
                "durationTicks": 128,
                "id": "removed",
                "midiChannel": 0,
                "noteName": [
                  "G",
                  "G",
                ],
                "noteNameWithOctave": [
                  "G4",
                  "G4",
                ],
                "noteNumber": 67,
                "startTicks": 957,
              },
              {
                "durationTicks": 264,
                "id": "removed",
                "midiChannel": 0,
                "noteName": [
                  "E",
                  "E",
                ],
                "noteNameWithOctave": [
                  "E4",
                  "E4",
                ],
                "noteNumber": 64,
                "startTicks": 959,
              },
              {
                "durationTicks": 38,
                "id": "removed",
                "midiChannel": 0,
                "noteName": [
                  "A",
                  "A",
                ],
                "noteNameWithOctave": [
                  "A3",
                  "A3",
                ],
                "noteNumber": 57,
                "startTicks": 1190,
              },
              {
                "durationTicks": 240,
                "id": "removed",
                "midiChannel": 0,
                "noteName": [
                  "A",
                  "A",
                ],
                "noteNameWithOctave": [
                  "A4",
                  "A4",
                ],
                "noteNumber": 69,
                "startTicks": 1079,
              },
              {
                "durationTicks": 395,
                "id": "removed",
                "midiChannel": 0,
                "noteName": [
                  "C",
                  "C",
                ],
                "noteNameWithOctave": [
                  "C5",
                  "C5",
                ],
                "noteNumber": 72,
                "startTicks": 960,
              },
              {
                "durationTicks": 103,
                "id": "removed",
                "midiChannel": 0,
                "noteName": [
                  "D",
                  "D",
                ],
                "noteNameWithOctave": [
                  "D4",
                  "D4",
                ],
                "noteNumber": 62,
                "startTicks": 1318,
              },
              {
                "durationTicks": 113,
                "id": "removed",
                "midiChannel": 0,
                "noteName": [
                  "G",
                  "G",
                ],
                "noteNameWithOctave": [
                  "G4",
                  "G4",
                ],
                "noteNumber": 67,
                "startTicks": 1318,
              },
              {
                "durationTicks": 167,
                "id": "removed",
                "midiChannel": 0,
                "noteName": [
                  "B",
                  "B",
                ],
                "noteNameWithOctave": [
                  "B4",
                  "B4",
                ],
                "noteNumber": 71,
                "startTicks": 1312,
              },
              {
                "durationTicks": 40,
                "id": "removed",
                "midiChannel": 0,
                "noteName": [
                  "A",
                  "A",
                ],
                "noteNameWithOctave": [
                  "A3",
                  "A3",
                ],
                "noteNumber": 57,
                "startTicks": 1439,
              },
            ],
            "startTicks": 960,
          },
          {
            "durationTicks": 480,
            "index": 3,
            "notes": [
              {
                "durationTicks": 167,
                "id": "removed",
                "midiChannel": 0,
                "noteName": [
                  "B",
                  "B",
                ],
                "noteNameWithOctave": [
                  "B4",
                  "B4",
                ],
                "noteNumber": 71,
                "startTicks": 1312,
              },
              {
                "durationTicks": 40,
                "id": "removed",
                "midiChannel": 0,
                "noteName": [
                  "A",
                  "A",
                ],
                "noteNameWithOctave": [
                  "A3",
                  "A3",
                ],
                "noteNumber": 57,
                "startTicks": 1439,
              },
              {
                "durationTicks": 83,
                "id": "removed",
                "midiChannel": 0,
                "noteName": [
                  "D",
                  "D",
                ],
                "noteNameWithOctave": [
                  "D4",
                  "D4",
                ],
                "noteNumber": 62,
                "startTicks": 1561,
              },
              {
                "durationTicks": 38,
                "id": "removed",
                "midiChannel": 0,
                "noteName": [
                  "A",
                  "A",
                ],
                "noteNameWithOctave": [
                  "A3",
                  "A3",
                ],
                "noteNumber": 57,
                "startTicks": 1684,
              },
              {
                "durationTicks": 33,
                "id": "removed",
                "midiChannel": 0,
                "noteName": [
                  "D",
                  "D",
                ],
                "noteNameWithOctave": [
                  "D3",
                  "D3",
                ],
                "noteNumber": 50,
                "startTicks": 1804,
              },
              {
                "durationTicks": 3,
                "id": "removed",
                "midiChannel": 0,
                "noteName": [
                  "E",
                  "E",
                ],
                "noteNameWithOctave": [
                  "E4",
                  "E4",
                ],
                "noteNumber": 64,
                "startTicks": 1917,
              },
            ],
            "startTicks": 1440,
          },
        ],
        "durationTicks": 1920,
        "index": 0,
        "notes": [
          {
            "durationTicks": 113,
            "id": "removed",
            "midiChannel": 0,
            "noteName": [
              "G",
              "G",
            ],
            "noteNameWithOctave": [
              "G4",
              "G4",
            ],
            "noteNumber": 67,
            "startTicks": 0,
          },
          {
            "durationTicks": 251,
            "id": "removed",
            "midiChannel": 0,
            "noteName": [
              "A",
              "A",
            ],
            "noteNameWithOctave": [
              "A2",
              "A2",
            ],
            "noteNumber": 45,
            "startTicks": 2,
          },
          {
            "durationTicks": 34,
            "id": "removed",
            "midiChannel": 0,
            "noteName": [
              "A",
              "A",
            ],
            "noteNameWithOctave": [
              "A3",
              "A3",
            ],
            "noteNumber": 57,
            "startTicks": 253,
          },
          {
            "durationTicks": 305,
            "id": "removed",
            "midiChannel": 0,
            "noteName": [
              "E",
              "E",
            ],
            "noteNameWithOctave": [
              "E4",
              "E4",
            ],
            "noteNumber": 64,
            "startTicks": 0,
          },
          {
            "durationTicks": 355,
            "id": "removed",
            "midiChannel": 0,
            "noteName": [
              "C",
              "C",
            ],
            "noteNameWithOctave": [
              "C5",
              "C5",
            ],
            "noteNumber": 72,
            "startTicks": 2,
          },
          {
            "durationTicks": 274,
            "id": "removed",
            "midiChannel": 0,
            "noteName": [
              "A",
              "A",
            ],
            "noteNameWithOctave": [
              "A4",
              "A4",
            ],
            "noteNumber": 69,
            "startTicks": 98,
          },
          {
            "durationTicks": 49,
            "id": "removed",
            "midiChannel": 0,
            "noteName": [
              "D",
              "D",
            ],
            "noteNameWithOctave": [
              "D4",
              "D4",
            ],
            "noteNumber": 62,
            "startTicks": 379,
          },
          {
            "durationTicks": 72,
            "id": "removed",
            "midiChannel": 0,
            "noteName": [
              "G",
              "G",
            ],
            "noteNameWithOctave": [
              "G4",
              "G4",
            ],
            "noteNumber": 67,
            "startTicks": 377,
          },
          {
            "durationTicks": 97,
            "id": "removed",
            "midiChannel": 0,
            "noteName": [
              "B",
              "B",
            ],
            "noteNameWithOctave": [
              "B4",
              "B4",
            ],
            "noteNumber": 71,
            "startTicks": 368,
          },
          {
            "durationTicks": 35,
            "id": "removed",
            "midiChannel": 0,
            "noteName": [
              "A",
              "A",
            ],
            "noteNameWithOctave": [
              "A3",
              "A3",
            ],
            "noteNumber": 57,
            "startTicks": 484,
          },
          {
            "durationTicks": 55,
            "id": "removed",
            "midiChannel": 0,
            "noteName": [
              "D",
              "D",
            ],
            "noteNameWithOctave": [
              "D4",
              "D4",
            ],
            "noteNumber": 62,
            "startTicks": 602,
          },
          {
            "durationTicks": 43,
            "id": "removed",
            "midiChannel": 0,
            "noteName": [
              "A",
              "A",
            ],
            "noteNameWithOctave": [
              "A3",
              "A3",
            ],
            "noteNumber": 57,
            "startTicks": 710,
          },
          {
            "durationTicks": 34,
            "id": "removed",
            "midiChannel": 0,
            "noteName": [
              "A",
              "A",
            ],
            "noteNameWithOctave": [
              "A2",
              "A2",
            ],
            "noteNumber": 45,
            "startTicks": 839,
          },
          {
            "durationTicks": 128,
            "id": "removed",
            "midiChannel": 0,
            "noteName": [
              "G",
              "G",
            ],
            "noteNameWithOctave": [
              "G4",
              "G4",
            ],
            "noteNumber": 67,
            "startTicks": 957,
          },
          {
            "durationTicks": 264,
            "id": "removed",
            "midiChannel": 0,
            "noteName": [
              "E",
              "E",
            ],
            "noteNameWithOctave": [
              "E4",
              "E4",
            ],
            "noteNumber": 64,
            "startTicks": 959,
          },
          {
            "durationTicks": 38,
            "id": "removed",
            "midiChannel": 0,
            "noteName": [
              "A",
              "A",
            ],
            "noteNameWithOctave": [
              "A3",
              "A3",
            ],
            "noteNumber": 57,
            "startTicks": 1190,
          },
          {
            "durationTicks": 240,
            "id": "removed",
            "midiChannel": 0,
            "noteName": [
              "A",
              "A",
            ],
            "noteNameWithOctave": [
              "A4",
              "A4",
            ],
            "noteNumber": 69,
            "startTicks": 1079,
          },
          {
            "durationTicks": 395,
            "id": "removed",
            "midiChannel": 0,
            "noteName": [
              "C",
              "C",
            ],
            "noteNameWithOctave": [
              "C5",
              "C5",
            ],
            "noteNumber": 72,
            "startTicks": 960,
          },
          {
            "durationTicks": 103,
            "id": "removed",
            "midiChannel": 0,
            "noteName": [
              "D",
              "D",
            ],
            "noteNameWithOctave": [
              "D4",
              "D4",
            ],
            "noteNumber": 62,
            "startTicks": 1318,
          },
          {
            "durationTicks": 113,
            "id": "removed",
            "midiChannel": 0,
            "noteName": [
              "G",
              "G",
            ],
            "noteNameWithOctave": [
              "G4",
              "G4",
            ],
            "noteNumber": 67,
            "startTicks": 1318,
          },
          {
            "durationTicks": 167,
            "id": "removed",
            "midiChannel": 0,
            "noteName": [
              "B",
              "B",
            ],
            "noteNameWithOctave": [
              "B4",
              "B4",
            ],
            "noteNumber": 71,
            "startTicks": 1312,
          },
          {
            "durationTicks": 40,
            "id": "removed",
            "midiChannel": 0,
            "noteName": [
              "A",
              "A",
            ],
            "noteNameWithOctave": [
              "A3",
              "A3",
            ],
            "noteNumber": 57,
            "startTicks": 1439,
          },
          {
            "durationTicks": 83,
            "id": "removed",
            "midiChannel": 0,
            "noteName": [
              "D",
              "D",
            ],
            "noteNameWithOctave": [
              "D4",
              "D4",
            ],
            "noteNumber": 62,
            "startTicks": 1561,
          },
          {
            "durationTicks": 38,
            "id": "removed",
            "midiChannel": 0,
            "noteName": [
              "A",
              "A",
            ],
            "noteNameWithOctave": [
              "A3",
              "A3",
            ],
            "noteNumber": 57,
            "startTicks": 1684,
          },
          {
            "durationTicks": 33,
            "id": "removed",
            "midiChannel": 0,
            "noteName": [
              "D",
              "D",
            ],
            "noteNameWithOctave": [
              "D3",
              "D3",
            ],
            "noteNumber": 50,
            "startTicks": 1804,
          },
          {
            "durationTicks": 3,
            "id": "removed",
            "midiChannel": 0,
            "noteName": [
              "E",
              "E",
            ],
            "noteNameWithOctave": [
              "E4",
              "E4",
            ],
            "noteNumber": 64,
            "startTicks": 1917,
          },
        ],
        "startTicks": 0,
      },
    ],
    "duration": {},
    "frequency": {},
    "map": {},
    "presence": {},
  },
  "scales": [],
  "timeSignatures": [
    {
      "beatTicksMultiplier": 1,
      "beatsInSignature": 4,
      "denominator": 4,
      "durationTicks": 1920,
      "numerator": 4,
      "startBeat": 0,
      "startTicks": 0,
    },
  ],
  "timings": {
    "durationTicks": 1920,
    "microsecondsPerBeat": 517241,
    "ticksPerBeat": 480,
  },
  "tracks": [],
}
`;

exports[`chord detection 1`] = `
[
  {
    "chordNotes": Set {
      "G",
      "A",
      "E",
      "C",
      "D",
      "B",
    },
    "chords": [
      "Cmaj13/G",
      "CM7add13/G",
      "D13sus4/G",
      "Am11/G",
    ],
    "chordsInclusive": [
      "Am11",
      "Cmaj13/A",
      "CM7add13/A",
      "D13sus4/A",
    ],
    "distribution": {
      "ticks": {
        "A": 1027,
        "B": 264,
        "C": 750,
        "D": 323,
        "E": 572,
        "G": 426,
      },
      "time": {
        "A": 0.5348958333333333,
        "B": 0.1375,
        "C": 0.390625,
        "D": 0.16822916666666668,
        "E": 0.29791666666666666,
        "G": 0.221875,
      },
    },
    "durationTicks": 1920,
    "notes": Set {
      "G",
      "A",
      "E",
      "C",
      "D",
      "B",
    },
    "startTicks": 0,
    "uniqueNotes": [],
    "unit": "bar",
    "unitNumber": 0,
  },
  {
    "chordNotes": Set {
      "E",
      "A",
      "Gb",
      "D",
      "G",
    },
    "chords": [
      "Em7add9add11",
    ],
    "chordsInclusive": [
      "A13sus4",
      "Em11/A",
      "Gmaj13/A",
      "GM7add13/A",
    ],
    "distribution": {
      "ticks": {
        "A": 906,
        "B": 65,
        "D": 877,
        "E": 240,
        "G": 248,
        "Gb": 418,
      },
      "time": {
        "A": 0.471875,
        "B": 0.033854166666666664,
        "D": 0.45677083333333335,
        "E": 0.125,
        "G": 0.12916666666666668,
        "Gb": 0.21770833333333334,
      },
    },
    "durationTicks": 1920,
    "notes": Set {
      "E",
      "A",
      "Gb",
      "D",
      "G",
      "B",
    },
    "startTicks": 1920,
    "uniqueNotes": [],
    "unit": "bar",
    "unitNumber": 0,
  },
]
`;

exports[`detectScales() 1`] = `
[
  {
    "aliases": [
      "minor",
    ],
    "chroma": "101101011010",
    "empty": false,
    "intervals": [
      "1P",
      "2M",
      "3m",
      "4P",
      "5P",
      "6m",
      "7m",
    ],
    "name": "A aeolian",
    "normalized": "101010110101",
    "notes": [
      "A",
      "B",
      "C",
      "D",
      "E",
      "F",
      "G",
    ],
    "setNum": 2906,
    "tonic": "A",
    "type": "aeolian",
  },
  {
    "aliases": [],
    "chroma": "101101010110",
    "empty": false,
    "intervals": [
      "1P",
      "2M",
      "3m",
      "4P",
      "5P",
      "6M",
      "7m",
    ],
    "name": "A dorian",
    "normalized": "101010110101",
    "notes": [
      "A",
      "B",
      "C",
      "D",
      "E",
      "F#",
      "G",
    ],
    "setNum": 2902,
    "tonic": "A",
    "type": "dorian",
  },
  {
    "aliases": [],
    "chroma": "101111010110",
    "empty": false,
    "intervals": [
      "1P",
      "2M",
      "3m",
      "3M",
      "4P",
      "5P",
      "6M",
      "7m",
    ],
    "name": "A bebop minor",
    "normalized": "101011010111",
    "notes": [
      "A",
      "B",
      "C",
      "C#",
      "D",
      "E",
      "F#",
      "G",
    ],
    "setNum": 3030,
    "tonic": "A",
    "type": "bebop minor",
  },
  {
    "aliases": [],
    "chroma": "101101011011",
    "empty": false,
    "intervals": [
      "1P",
      "2M",
      "3m",
      "4P",
      "5P",
      "6m",
      "7m",
      "7M",
    ],
    "name": "A minor bebop",
    "normalized": "101011011101",
    "notes": [
      "A",
      "B",
      "C",
      "D",
      "E",
      "F",
      "G",
      "G#",
    ],
    "setNum": 2907,
    "tonic": "A",
    "type": "minor bebop",
  },
  {
    "aliases": [],
    "chroma": "101111110110",
    "empty": false,
    "intervals": [
      "1P",
      "2M",
      "3m",
      "3M",
      "4P",
      "5d",
      "5P",
      "6M",
      "7m",
    ],
    "name": "A composite blues",
    "normalized": "101011111101",
    "notes": [
      "A",
      "B",
      "C",
      "C#",
      "D",
      "Eb",
      "E",
      "F#",
      "G",
    ],
    "setNum": 3062,
    "tonic": "A",
    "type": "composite blues",
  },
  {
    "aliases": [],
    "chroma": "111111111111",
    "empty": false,
    "intervals": [
      "1P",
      "2m",
      "2M",
      "3m",
      "3M",
      "4P",
      "5d",
      "5P",
      "6m",
      "6M",
      "7m",
      "7M",
    ],
    "name": "A chromatic",
    "normalized": "111111111111",
    "notes": [
      "A",
      "Bb",
      "B",
      "C",
      "C#",
      "D",
      "Eb",
      "E",
      "F",
      "F#",
      "G",
      "G#",
    ],
    "setNum": 4095,
    "tonic": "A",
    "type": "chromatic",
  },
]
`;

exports[`parseMidi() should parse to a known format 1`] = `
{
  "barsAndBeats": [
    {
      "beatCount": 4,
      "beats": [
        {
          "durationTicks": 480,
          "index": 0,
          "notes": [],
          "startTicks": 0,
        },
      ],
      "durationTicks": 480,
      "index": 0,
      "notes": [],
      "startTicks": 0,
    },
  ],
  "notesMap": {},
  "timeSignatures": [
    {
      "beatTicksMultiplier": 1,
      "beatsInSignature": 1,
      "denominator": 4,
      "durationTicks": 479,
      "numerator": 4,
      "startBeat": 0,
      "startTicks": 0,
    },
  ],
  "timings": {
    "durationTicks": 479,
    "microsecondsPerBeat": 517241,
    "ticksPerBeat": 480,
  },
  "tracks": [
    {
      "durationTicks": 479,
      "highestNote": 67,
      "id": "removed",
      "lowestNote": 45,
      "name": "Pianoteq",
      "notes": [
        {
          "durationTicks": 35,
          "id": "removed",
          "midiChannel": 0,
          "noteName": [
            "A",
            "A",
          ],
          "noteNameWithOctave": [
            "A3",
            "A3",
          ],
          "noteNumber": 57,
          "startTicks": 4,
        },
        {
          "durationTicks": 55,
          "id": "removed",
          "midiChannel": 0,
          "noteName": [
            "D",
            "D",
          ],
          "noteNameWithOctave": [
            "D4",
            "D4",
          ],
          "noteNumber": 62,
          "startTicks": 122,
        },
        {
          "durationTicks": 43,
          "id": "removed",
          "midiChannel": 0,
          "noteName": [
            "Bb",
            "A#",
          ],
          "noteNameWithOctave": [
            "Bb3",
            "A#3",
          ],
          "noteNumber": 58,
          "startTicks": 230,
        },
        {
          "durationTicks": 34,
          "id": "removed",
          "midiChannel": 0,
          "noteName": [
            "A",
            "A",
          ],
          "noteNameWithOctave": [
            "A2",
            "A2",
          ],
          "noteNumber": 45,
          "startTicks": 359,
        },
        {
          "durationTicks": 18,
          "id": "removed",
          "midiChannel": 0,
          "noteName": [
            "G",
            "G",
          ],
          "noteNameWithOctave": [
            "G4",
            "G4",
          ],
          "noteNumber": 67,
          "startTicks": 461,
        },
      ],
    },
  ],
}
`;
