// Vitest Snapshot v1

exports[`analyze() 1`] = `
{
  "notes": {
    "byBeat": [
      {
        "index": 0,
        "notes": [
          {
            "durationTicks": 113,
            "noteName": [
              "G",
              "G",
            ],
            "noteNameWithOctave": [
              "G4",
              "G4",
            ],
            "noteNumber": 67,
            "startTicks": 0,
            "uuid": "removed",
          },
          {
            "durationTicks": 251,
            "noteName": [
              "A",
              "A",
            ],
            "noteNameWithOctave": [
              "A2",
              "A2",
            ],
            "noteNumber": 45,
            "startTicks": 2,
            "uuid": "removed",
          },
          {
            "durationTicks": 34,
            "noteName": [
              "A",
              "A",
            ],
            "noteNameWithOctave": [
              "A3",
              "A3",
            ],
            "noteNumber": 57,
            "startTicks": 253,
            "uuid": "removed",
          },
          {
            "durationTicks": 305,
            "noteName": [
              "E",
              "E",
            ],
            "noteNameWithOctave": [
              "E4",
              "E4",
            ],
            "noteNumber": 64,
            "startTicks": 0,
            "uuid": "removed",
          },
          {
            "durationTicks": 355,
            "noteName": [
              "C",
              "C",
            ],
            "noteNameWithOctave": [
              "C5",
              "C5",
            ],
            "noteNumber": 72,
            "startTicks": 2,
            "uuid": "removed",
          },
          {
            "durationTicks": 274,
            "noteName": [
              "A",
              "A",
            ],
            "noteNameWithOctave": [
              "A4",
              "A4",
            ],
            "noteNumber": 69,
            "startTicks": 98,
            "uuid": "removed",
          },
          {
            "durationTicks": 49,
            "noteName": [
              "D",
              "D",
            ],
            "noteNameWithOctave": [
              "D4",
              "D4",
            ],
            "noteNumber": 62,
            "startTicks": 379,
            "uuid": "removed",
          },
          {
            "durationTicks": 72,
            "noteName": [
              "G",
              "G",
            ],
            "noteNameWithOctave": [
              "G4",
              "G4",
            ],
            "noteNumber": 67,
            "startTicks": 377,
            "uuid": "removed",
          },
          {
            "durationTicks": 97,
            "noteName": [
              "B",
              "B",
            ],
            "noteNameWithOctave": [
              "B4",
              "B4",
            ],
            "noteNumber": 71,
            "startTicks": 368,
            "uuid": "removed",
          },
        ],
        "startTicks": 0,
      },
      {
        "index": 1,
        "notes": [
          {
            "durationTicks": 35,
            "noteName": [
              "A",
              "A",
            ],
            "noteNameWithOctave": [
              "A3",
              "A3",
            ],
            "noteNumber": 57,
            "startTicks": 484,
            "uuid": "removed",
          },
          {
            "durationTicks": 55,
            "noteName": [
              "D",
              "D",
            ],
            "noteNameWithOctave": [
              "D4",
              "D4",
            ],
            "noteNumber": 62,
            "startTicks": 602,
            "uuid": "removed",
          },
          {
            "durationTicks": 43,
            "noteName": [
              "A",
              "A",
            ],
            "noteNameWithOctave": [
              "A3",
              "A3",
            ],
            "noteNumber": 57,
            "startTicks": 710,
            "uuid": "removed",
          },
          {
            "durationTicks": 34,
            "noteName": [
              "A",
              "A",
            ],
            "noteNameWithOctave": [
              "A2",
              "A2",
            ],
            "noteNumber": 45,
            "startTicks": 839,
            "uuid": "removed",
          },
          {
            "durationTicks": 128,
            "noteName": [
              "G",
              "G",
            ],
            "noteNameWithOctave": [
              "G4",
              "G4",
            ],
            "noteNumber": 67,
            "startTicks": 957,
            "uuid": "removed",
          },
          {
            "durationTicks": 264,
            "noteName": [
              "E",
              "E",
            ],
            "noteNameWithOctave": [
              "E4",
              "E4",
            ],
            "noteNumber": 64,
            "startTicks": 959,
            "uuid": "removed",
          },
        ],
        "startTicks": 480,
      },
      {
        "index": 2,
        "notes": [
          {
            "durationTicks": 128,
            "noteName": [
              "G",
              "G",
            ],
            "noteNameWithOctave": [
              "G4",
              "G4",
            ],
            "noteNumber": 67,
            "startTicks": 957,
            "uuid": "removed",
          },
          {
            "durationTicks": 264,
            "noteName": [
              "E",
              "E",
            ],
            "noteNameWithOctave": [
              "E4",
              "E4",
            ],
            "noteNumber": 64,
            "startTicks": 959,
            "uuid": "removed",
          },
          {
            "durationTicks": 38,
            "noteName": [
              "A",
              "A",
            ],
            "noteNameWithOctave": [
              "A3",
              "A3",
            ],
            "noteNumber": 57,
            "startTicks": 1190,
            "uuid": "removed",
          },
          {
            "durationTicks": 240,
            "noteName": [
              "A",
              "A",
            ],
            "noteNameWithOctave": [
              "A4",
              "A4",
            ],
            "noteNumber": 69,
            "startTicks": 1079,
            "uuid": "removed",
          },
          {
            "durationTicks": 395,
            "noteName": [
              "C",
              "C",
            ],
            "noteNameWithOctave": [
              "C5",
              "C5",
            ],
            "noteNumber": 72,
            "startTicks": 960,
            "uuid": "removed",
          },
          {
            "durationTicks": 103,
            "noteName": [
              "D",
              "D",
            ],
            "noteNameWithOctave": [
              "D4",
              "D4",
            ],
            "noteNumber": 62,
            "startTicks": 1318,
            "uuid": "removed",
          },
          {
            "durationTicks": 113,
            "noteName": [
              "G",
              "G",
            ],
            "noteNameWithOctave": [
              "G4",
              "G4",
            ],
            "noteNumber": 67,
            "startTicks": 1318,
            "uuid": "removed",
          },
          {
            "durationTicks": 167,
            "noteName": [
              "B",
              "B",
            ],
            "noteNameWithOctave": [
              "B4",
              "B4",
            ],
            "noteNumber": 71,
            "startTicks": 1312,
            "uuid": "removed",
          },
          {
            "durationTicks": 40,
            "noteName": [
              "A",
              "A",
            ],
            "noteNameWithOctave": [
              "A3",
              "A3",
            ],
            "noteNumber": 57,
            "startTicks": 1439,
            "uuid": "removed",
          },
        ],
        "startTicks": 960,
      },
      {
        "index": 3,
        "notes": [
          {
            "durationTicks": 167,
            "noteName": [
              "B",
              "B",
            ],
            "noteNameWithOctave": [
              "B4",
              "B4",
            ],
            "noteNumber": 71,
            "startTicks": 1312,
            "uuid": "removed",
          },
          {
            "durationTicks": 40,
            "noteName": [
              "A",
              "A",
            ],
            "noteNameWithOctave": [
              "A3",
              "A3",
            ],
            "noteNumber": 57,
            "startTicks": 1439,
            "uuid": "removed",
          },
          {
            "durationTicks": 83,
            "noteName": [
              "D",
              "D",
            ],
            "noteNameWithOctave": [
              "D4",
              "D4",
            ],
            "noteNumber": 62,
            "startTicks": 1561,
            "uuid": "removed",
          },
          {
            "durationTicks": 38,
            "noteName": [
              "A",
              "A",
            ],
            "noteNameWithOctave": [
              "A3",
              "A3",
            ],
            "noteNumber": 57,
            "startTicks": 1684,
            "uuid": "removed",
          },
          {
            "durationTicks": 33,
            "noteName": [
              "D",
              "D",
            ],
            "noteNameWithOctave": [
              "D3",
              "D3",
            ],
            "noteNumber": 50,
            "startTicks": 1804,
            "uuid": "removed",
          },
          {
            "durationTicks": 3,
            "noteName": [
              "E",
              "E",
            ],
            "noteNameWithOctave": [
              "E4",
              "E4",
            ],
            "noteNumber": 64,
            "startTicks": 1917,
            "uuid": "removed",
          },
        ],
        "startTicks": 1440,
      },
      {
        "index": 4,
        "notes": [
          {
            "durationTicks": 3,
            "noteName": [
              "E",
              "E",
            ],
            "noteNameWithOctave": [
              "E4",
              "E4",
            ],
            "noteNumber": 64,
            "startTicks": 1917,
            "uuid": "removed",
          },
        ],
        "startTicks": 1920,
      },
    ],
    "duration": {
      "A": 1027,
      "B": 264,
      "C": 750,
      "D": 323,
      "E": 572,
      "G": 426,
    },
    "frequency": {
      "A": 10,
      "B": 2,
      "C": 2,
      "D": 5,
      "E": 3,
      "G": 4,
    },
    "map": {},
    "presence": {
      "A": 1,
      "B": 0.2438918433076174,
      "C": 0.6079095198861508,
      "D": 0.3573140588719945,
      "E": 0.4976630963972735,
      "G": 0.41138491498764135,
    },
  },
  "scales": [],
  "timeSignatures": [
    {
      "beatsInSignature": 4,
      "denominator": 4,
      "numerator": 4,
      "startBeat": 0,
      "startTicks": 0,
    },
  ],
  "timings": {
    "durationTicks": 1920,
    "microsecondsPerBeat": 517241,
    "ticksPerBeat": 480,
    "totalBeats": 4,
  },
  "tracks": [],
}
`;

exports[`chord detection 1`] = `
[
  {
    "chordNotes": Set {
      "G",
      "A",
      "E",
      "C",
      "D",
      "B",
    },
    "chords": [
      "Cmaj13/G",
      "CM7add13/G",
      "D13sus4/G",
      "Am11/G",
    ],
    "distribution": {
      "ticks": {
        "A": 1067,
        "B": 431,
        "C": 750,
        "D": 323,
        "E": 836,
        "G": 554,
      },
      "time": {
        "A": 0.5557291666666667,
        "B": 0.22447916666666667,
        "C": 0.390625,
        "D": 0.16822916666666668,
        "E": 0.4354166666666667,
        "G": 0.28854166666666664,
      },
    },
    "durationTicks": 1920,
    "notes": Set {
      "G",
      "A",
      "E",
      "C",
      "D",
      "B",
    },
    "startTicks": 0,
    "uniqueNotes": [],
    "unit": "bar",
    "unitNumber": 0,
  },
  {
    "chordNotes": Set {},
    "chords": [],
    "distribution": {
      "ticks": {
        "E": 3,
      },
      "time": {
        "E": 0.0015625,
      },
    },
    "durationTicks": 1920,
    "notes": Set {
      "E",
      "A",
      "Gb",
      "D",
      "G",
      "B",
    },
    "startTicks": 0,
    "uniqueNotes": [],
    "unit": "bar",
    "unitNumber": 0,
  },
]
`;

exports[`detectScales() 1`] = `
[
  {
    "aliases": [
      "minor",
    ],
    "chroma": "101101011010",
    "empty": false,
    "intervals": [
      "1P",
      "2M",
      "3m",
      "4P",
      "5P",
      "6m",
      "7m",
    ],
    "name": "A aeolian",
    "normalized": "101010110101",
    "notes": [
      "A",
      "B",
      "C",
      "D",
      "E",
      "F",
      "G",
    ],
    "setNum": 2906,
    "tonic": "A",
    "type": "aeolian",
  },
  {
    "aliases": [],
    "chroma": "101101010110",
    "empty": false,
    "intervals": [
      "1P",
      "2M",
      "3m",
      "4P",
      "5P",
      "6M",
      "7m",
    ],
    "name": "A dorian",
    "normalized": "101010110101",
    "notes": [
      "A",
      "B",
      "C",
      "D",
      "E",
      "F#",
      "G",
    ],
    "setNum": 2902,
    "tonic": "A",
    "type": "dorian",
  },
  {
    "aliases": [],
    "chroma": "101111010110",
    "empty": false,
    "intervals": [
      "1P",
      "2M",
      "3m",
      "3M",
      "4P",
      "5P",
      "6M",
      "7m",
    ],
    "name": "A bebop minor",
    "normalized": "101011010111",
    "notes": [
      "A",
      "B",
      "C",
      "C#",
      "D",
      "E",
      "F#",
      "G",
    ],
    "setNum": 3030,
    "tonic": "A",
    "type": "bebop minor",
  },
  {
    "aliases": [],
    "chroma": "101101011011",
    "empty": false,
    "intervals": [
      "1P",
      "2M",
      "3m",
      "4P",
      "5P",
      "6m",
      "7m",
      "7M",
    ],
    "name": "A minor bebop",
    "normalized": "101011011101",
    "notes": [
      "A",
      "B",
      "C",
      "D",
      "E",
      "F",
      "G",
      "G#",
    ],
    "setNum": 2907,
    "tonic": "A",
    "type": "minor bebop",
  },
  {
    "aliases": [],
    "chroma": "101111110110",
    "empty": false,
    "intervals": [
      "1P",
      "2M",
      "3m",
      "3M",
      "4P",
      "5d",
      "5P",
      "6M",
      "7m",
    ],
    "name": "A composite blues",
    "normalized": "101011111101",
    "notes": [
      "A",
      "B",
      "C",
      "C#",
      "D",
      "Eb",
      "E",
      "F#",
      "G",
    ],
    "setNum": 3062,
    "tonic": "A",
    "type": "composite blues",
  },
  {
    "aliases": [],
    "chroma": "111111111111",
    "empty": false,
    "intervals": [
      "1P",
      "2m",
      "2M",
      "3m",
      "3M",
      "4P",
      "5d",
      "5P",
      "6m",
      "6M",
      "7m",
      "7M",
    ],
    "name": "A chromatic",
    "normalized": "111111111111",
    "notes": [
      "A",
      "Bb",
      "B",
      "C",
      "C#",
      "D",
      "Eb",
      "E",
      "F",
      "F#",
      "G",
      "G#",
    ],
    "setNum": 4095,
    "tonic": "A",
    "type": "chromatic",
  },
]
`;

exports[`parseMidi() should parse to a known format 1`] = `
{
  "timeSignatures": [
    {
      "beatsInSignature": 1,
      "denominator": 4,
      "numerator": 4,
      "startBeat": 0,
      "startTicks": 0,
    },
  ],
  "timings": {
    "durationTicks": 479,
    "microsecondsPerBeat": 517241,
    "ticksPerBeat": 480,
    "totalBeats": 1,
  },
  "tracks": [
    {
      "durationTicks": 479,
      "highestNote": 67,
      "lowestNote": 45,
      "name": "Pianoteq",
      "notes": [
        {
          "durationTicks": 35,
          "noteName": [
            "A",
            "A",
          ],
          "noteNameWithOctave": [
            "A3",
            "A3",
          ],
          "noteNumber": 57,
          "startTicks": 4,
          "uuid": "removed",
        },
        {
          "durationTicks": 55,
          "noteName": [
            "D",
            "D",
          ],
          "noteNameWithOctave": [
            "D4",
            "D4",
          ],
          "noteNumber": 62,
          "startTicks": 122,
          "uuid": "removed",
        },
        {
          "durationTicks": 43,
          "noteName": [
            "Bb",
            "A#",
          ],
          "noteNameWithOctave": [
            "Bb3",
            "A#3",
          ],
          "noteNumber": 58,
          "startTicks": 230,
          "uuid": "removed",
        },
        {
          "durationTicks": 34,
          "noteName": [
            "A",
            "A",
          ],
          "noteNameWithOctave": [
            "A2",
            "A2",
          ],
          "noteNumber": 45,
          "startTicks": 359,
          "uuid": "removed",
        },
        {
          "durationTicks": 18,
          "noteName": [
            "G",
            "G",
          ],
          "noteNameWithOctave": [
            "G4",
            "G4",
          ],
          "noteNumber": 67,
          "startTicks": 461,
          "uuid": "removed",
        },
      ],
    },
  ],
}
`;
